-machine
q35,accel=kvm:tcg
-cpu
max
-smp
4
-m
6144M
-object
iothread,id=io0
-blockdev
driver=nbd,node-name=nbd0,server.type=inet,server.host=server,server.port=10809,reconnect-delay=10,cache.direct=off,cache.no-flush=off
-device
virtio-blk,drive=nbd0,iothread=io0,write-cache=on,bootindex=0
-device
qemu-xhci,id=xhci
-device
usb-tablet,bus=xhci.0
-netdev
tap,id=mynet0,br=br0
-device
virtio-net-pci,netdev=mynet0
-vga
virtio
-display
none
-rtc
base=localtime
