-accel
kvm
-machine
q35
-cpu
max
-smp
4
-m
6144M
-object
iothread,id=io0
-blockdev
driver=nbd,node-name=nbd0,server.type=inet,server.host=server,server.port=10809,reconnect-delay=10
-blockdev
driver=qcow2,node-name=disk0,file.driver=file,file.filename=/tmp/nbd-snap-1234.qcow2,file.aio=io_uring,backing=nbd0,cache-size=67108864,l2-cache-size=16777216,cache.direct=off,cache.no-flush=off
-device
virtio-blk,drive=disk0,iothread=io0,write-cache=on,bootindex=0
-device
qemu-xhci,id=xhci
-device
usb-tablet,bus=xhci.0
-nic
user,model=virtio-net-pci
-vga
virtio
-display
none
-rtc
base=localtime
